// Jest Snapshot v1, https://goo.gl/fbAQLP

exports[`проверка rootReducer проверка AppState 1`] = `
{
  "app": {
    "isLoadingOrder": false,
    "ready": false,
    "selectedFeedOrder": null,
    "selectedIngredient": null,
    "selectedOrder": null,
  },
  "feed": {
    "error": null,
    "isLoading": false,
    "items": [],
    "total": 0,
    "totalToday": 0,
  },
  "ingredients": {
    "error": null,
    "isLoading": false,
    "items": [],
  },
  "order": {
    "error": null,
    "items": {
      "bun": null,
      "ingredients": [],
    },
    "orderModalData": null,
    "orderRequest": false,
  },
  "user": {
    "error": null,
    "isInit": false,
    "isLoading": false,
    "user": null,
  },
  "userOrders": {
    "error": null,
    "isLoading": false,
    "items": [],
  },
}
`;

exports[`проверка rootReducer проверка должен возвращать корректное начальное состояние для неизвестного экшена 1`] = `
{
  "app": {
    "isLoadingOrder": false,
    "ready": false,
    "selectedFeedOrder": null,
    "selectedIngredient": null,
    "selectedOrder": null,
  },
  "feed": {
    "error": null,
    "isLoading": false,
    "items": [],
    "total": 0,
    "totalToday": 0,
  },
  "ingredients": {
    "error": null,
    "isLoading": false,
    "items": [],
  },
  "order": {
    "error": null,
    "items": {
      "bun": null,
      "ingredients": [],
    },
    "orderModalData": null,
    "orderRequest": false,
  },
  "user": {
    "error": null,
    "isInit": false,
    "isLoading": false,
    "user": null,
  },
  "userOrders": {
    "error": null,
    "isLoading": false,
    "items": [],
  },
}
`;
